EVENT visible=0..1
EVENT visible=0..26
EVENT visible=0..1
EVENT visible=0..26
EVENT visible=0..1
EVENT visible=0..26
EVENT visible=0..1
EVENT visible=0..26
EVENT visible=0..1
EVENT visible=0..26
EVENT visible=0..1
EVENT visible=0..26
EVENT intent=SelectRow(3) selected=3 generation=0 running=false
EVENT visible=0..1
EVENT visible=0..26
EVENT visible=0..1
EVENT visible=0..26
EVENT visible=0..1
EVENT visible=0..26
EVENT visible=0..1
EVENT visible=0..26
EVENT visible=0..1
EVENT visible=0..26
EVENT visible=0..1
EVENT visible=0..26
EVENT visible=0..1
EVENT visible=0..26
EVENT visible=0..1
EVENT visible=0..26
EVENT visible=0..1
EVENT visible=0..26
EVENT visible=0..1
EVENT visible=0..26
EVENT visible=0..1
EVENT visible=0..26
EVENT visible=0..1
EVENT visible=0..26
EVENT visible=0..1
EVENT visible=0..26
EVENT visible=0..1
EVENT visible=0..26
EVENT intent=SelectRow(1) selected=1 generation=0 running=false
EVENT visible=0..1
EVENT visible=0..26
EVENT visible=0..1
EVENT visible=0..26
EVENT intent=SelectRow(1) selected=1 generation=0 running=false
EVENT visible=0..1
EVENT visible=0..26
EVENT visible=0..1
EVENT visible=0..26
EVENT visible=0..1
EVENT visible=0..26
EVENT intent=SelectRow(0) selected=0 generation=0 running=false
EVENT visible=0..1
EVENT visible=0..26
EVENT visible=0..1
EVENT visible=0..26
EVENT visible=0..1
EVENT visible=0..26
EVENT visible=0..1
EVENT visible=0..26
EVENT visible=0..1
EVENT visible=0..26
EVENT intent=SelectNext selected=1 generation=0 running=false
EVENT visible=0..1
EVENT visible=0..26
EVENT visible=0..1
EVENT visible=0..26
EVENT visible=0..1
EVENT visible=0..26
EVENT intent=SelectNext selected=2 generation=0 running=false
EVENT visible=0..1
EVENT visible=0..26
EVENT visible=0..1
EVENT visible=3..29
EVENT visible=0..1
EVENT visible=6..32
EVENT visible=0..1
EVENT visible=9..35
EVENT visible=0..1
EVENT visible=12..38
EVENT visible=0..1
EVENT visible=15..41
EVENT visible=0..1
EVENT visible=18..44
EVENT visible=0..1
EVENT visible=21..47
EVENT visible=0..1
EVENT visible=24..50
EVENT visible=0..1
EVENT visible=24..50
EVENT visible=0..1
EVENT visible=24..50
EVENT visible=0..1
EVENT visible=24..50
EVENT visible=0..1
EVENT visible=24..50
EVENT visible=0..1
EVENT visible=24..50
EVENT visible=0..1
EVENT visible=24..50
EVENT intent=StartBackgroundRefresh selected=2 generation=0 running=true
EVENT visible=0..1
EVENT visible=24..50
EVENT intent=FinishBackgroundRefresh(1) selected=2 generation=1 running=false
EVENT visible=0..1
EVENT visible=24..50
